===========Tester for matrix divider=====================
>>> matrix_divided = __import__('2-matrix_divided').matrix_divided

>>> matrix = [[1, 2, 3],
...	 [4, 5, 6]]
>>> print(matrix_divided(matrix, 3))
[[0.33, 0.67, 1.0], [1.33, 1.67, 2.0]]

>>> print(matrix)
[[1, 2, 3], [4, 5, 6]]

>>> mat = [[1, 2, 3],
...	[4, 5, 6],
...	[7, 8, 9]]
>>> matrix_divided(mat, 0)
Traceback (most recent call last):
ZeroDivisionError: division by zero

>>> matrix = [[1, 'b', 3],
...	 [4, 5, 'w']]
>>> matrix_divided(matrix, 2)
Traceback (most recent call last):
TypeError: matrix must be a matrix (list of lists) of integers/floats

>>> matrix = [[1, 2, 3],
...	 [4, 5, 6, 7]]
>>> matrix_divided(matrix, 5)
Traceback (most recent call last):
TypeError: Each row of the matrix must have the same size

>>> matrix = [[1, 2, 3],
...	 [4, 5, 6]]
>>> matrix_divided(matrix, 'Y')
Traceback (most recent call last):
TypeError: div must be a number
