===================Tester for say my name========================
>>> say_my_name = __import__('3-say_my_name').say_my_name

>>> say_my_name("John", "Smith")
My name is John Smith

>>> say_my_name("Walter", "White")
My name is Walter White

>>> say_my_name("Bob")
My name is Bob 

try:
    say_my_name(12, "White")
except Exception as e:
    print(e)

========================================
>>> say_my_name(1, '4')
Traceback (most recent call last):
TypeError: first_name must be a string

>>> say_my_name('1', 4)
Traceback (most recent call last):
TypeError: last_name must be a string

>>> say_my_name(None)
Traceback (most recent call last):
TypeError: first_name must be a string

>>> say_my_name('Noah', '')
My name is Noah 

>>> say_my_name('', 'Winnie')
My name is  Winnie

>>> say_my_name('1', '2')
My name is 1 2

>>> say_my_name()
Traceback (most recent call last):
TypeError: say_my_name() missing 1 required positional argument: 'first_name'
